
Allocating common symbols
Common symbol       size              file

buf7                0x64              1c102_main.o
buf3                0x64              1c102_main.o
buf4                0x64              1c102_main.o
uart_rec            0xa               init.o
nmi_caller          0x4               1c102_cmdline.o
buf6                0x64              1c102_main.o
exti_irq_handle     0x80              1c102_Interrupt.o
buf1                0x64              1c102_main.o
STS                 0x1               ls1c102_i2c.o
buf2                0x64              1c102_main.o
uart_rec_len        0x1               init.o
buf5                0x64              1c102_main.o
_rand_next          0x4               ls1x_printf.o
Flash_pe            0x1               ls1x_flash.o

Discarded input sections

 .text          0x0000000000000000       0x14 start.o
 .data          0x0000000000000000        0x0 start.o
 .bss           0x0000000000000000        0x0 start.o
 .data          0x0000000000000000        0x0 serial.o
 .bss           0x0000000000000000        0x0 serial.o
 .data          0x0000000000000000        0x0 wakeup.o
 .bss           0x0000000000000000        0x0 wakeup.o
 .text          0x0000000000000000        0x0 UserGpio.o
 .data          0x0000000000000000        0x0 UserGpio.o
 .bss           0x0000000000000000        0x0 UserGpio.o
 .eh_frame      0x0000000000000000       0x3c UserGpio.o
 .text          0x0000000000000000        0x0 init.o
 .data          0x0000000000000000        0x0 init.o
 .bss           0x0000000000000000        0x0 init.o
 .eh_frame      0x0000000000000000       0x3c init.o
 COMMON         0x0000000000000000        0xb init.o
 .text          0x0000000000000000        0x0 ls1x_gpio.o
 .data          0x0000000000000000        0x0 ls1x_gpio.o
 .bss           0x0000000000000000        0x0 ls1x_gpio.o
 .text.GPIO_Init
                0x0000000000000000       0x68 ls1x_gpio.o
 .text.gpio_set_direction
                0x0000000000000000      0x128 ls1x_gpio.o
 .text.gpio_set_InputStatus
                0x0000000000000000      0x128 ls1x_gpio.o
 .eh_frame      0x0000000000000000      0x110 ls1x_gpio.o
 .text          0x0000000000000000        0x0 ls1x_spi.o
 .data          0x0000000000000000        0x0 ls1x_spi.o
 .bss           0x0000000000000000        0x0 ls1x_spi.o
 .rodata        0x0000000000000000       0x42 ls1x_spi.o
 .text.Spi_FreqDiv
                0x0000000000000000      0x140 ls1x_spi.o
 .text.Spi_Init
                0x0000000000000000       0x70 ls1x_spi.o
 .text.Spi_Write_Read_1to4
                0x0000000000000000       0xf0 ls1x_spi.o
 .text.Spi_Write_Read_N
                0x0000000000000000      0x124 ls1x_spi.o
 .text.Spi_Cs_Down
                0x0000000000000000       0x58 ls1x_spi.o
 .text.Spi_Cs_Up
                0x0000000000000000       0x54 ls1x_spi.o
 .text.Spi_Send
                0x0000000000000000       0x40 ls1x_spi.o
 .text.Spiflash_Rdsr
                0x0000000000000000       0x4c ls1x_spi.o
 .text.Spiflash_Wait_Wip_Zero
                0x0000000000000000       0x38 ls1x_spi.o
 .text.Spiflash_Wren
                0x0000000000000000       0x4c ls1x_spi.o
 .text.Spiflash_Wrsr
                0x0000000000000000       0x5c ls1x_spi.o
 .text.Spiflash_Rdsr2
                0x0000000000000000       0x4c ls1x_spi.o
 .text.Spiflash_Rdsr3
                0x0000000000000000       0x4c ls1x_spi.o
 .text.Spiflash_Rdid
                0x0000000000000000       0x68 ls1x_spi.o
 .text.Spiflash_Sector_Erase
                0x0000000000000000       0x90 ls1x_spi.o
 .text.Spiflash_Block64k_Erase
                0x0000000000000000       0x90 ls1x_spi.o
 .text.Spiflash_Page_Program
                0x0000000000000000       0xa4 ls1x_spi.o
 .text.Spiflash_Read_Bytes
                0x0000000000000000       0x9c ls1x_spi.o
 .text.SPI_TransByte
                0x0000000000000000       0xe8 ls1x_spi.o
 .text.SpiFlashCsn0Enable
                0x0000000000000000       0x28 ls1x_spi.o
 .text.SpiFlashCsn0Disable
                0x0000000000000000       0x28 ls1x_spi.o
 .comment       0x0000000000000000       0x12 ls1x_spi.o
 .eh_frame      0x0000000000000000      0x320 ls1x_spi.o
 .text          0x0000000000000000        0x0 ls1x_printf.o
 .data          0x0000000000000000        0x0 ls1x_printf.o
 .bss           0x0000000000000000        0x0 ls1x_printf.o
 .rodata        0x0000000000000000        0x7 ls1x_printf.o
 .text.printBuf
                0x0000000000000000       0x78 ls1x_printf.o
 .text.myputchar2
                0x0000000000000000       0x84 ls1x_printf.o
 .text.mygetchar
                0x0000000000000000       0x38 ls1x_printf.o
 .text.printbase2
                0x0000000000000000      0x178 ls1x_printf.o
 .text.puts2    0x0000000000000000       0x88 ls1x_printf.o
 .text.myprintf2
                0x0000000000000000      0x414 ls1x_printf.o
 .rodata.myprintf2
                0x0000000000000000      0x150 ls1x_printf.o
 .text.rand     0x0000000000000000       0x5c ls1x_printf.o
 .eh_frame      0x0000000000000000      0x27c ls1x_printf.o
 COMMON         0x0000000000000000        0x4 ls1x_printf.o
 .text          0x0000000000000000        0x0 ls1x_uart.o
 .data          0x0000000000000000        0x0 ls1x_uart.o
 .bss           0x0000000000000000        0x0 ls1x_uart.o
 .text.Uart_init
                0x0000000000000000       0xa4 ls1x_uart.o
 .text.UART_ReceiveData
                0x0000000000000000       0x4c ls1x_uart.o
 .text.UART_GetFlagStatus
                0x0000000000000000       0x64 ls1x_uart.o
 .text.UART_GetITStatus
                0x0000000000000000       0x60 ls1x_uart.o
 .text.UART_ClearITPendingBit
                0x0000000000000000       0xa4 ls1x_uart.o
 .text.x_getchar
                0x0000000000000000       0x2c ls1x_uart.o
 .text.UartInit
                0x0000000000000000       0x6c ls1x_uart.o
 .text.Uart0_init
                0x0000000000000000       0xc4 ls1x_uart.o
 .text.Uart2_init
                0x0000000000000000       0x7c ls1x_uart.o
 .text.Uart1_init_test
                0x0000000000000000       0x80 ls1x_uart.o
 .text.Uart0_send
                0x0000000000000000       0x3c ls1x_uart.o
 .text.Uart1_send
                0x0000000000000000       0x3c ls1x_uart.o
 .text.Uart2_send
                0x0000000000000000       0x3c ls1x_uart.o
 .eh_frame      0x0000000000000000      0x2a4 ls1x_uart.o
 .text          0x0000000000000000        0x0 ls1x_clock.o
 .data          0x0000000000000000        0x0 ls1x_clock.o
 .bss           0x0000000000000000        0x0 ls1x_clock.o
 .text.CLOCK_checkSelect
                0x0000000000000000       0xc0 ls1x_clock.o
 .text.CLOCK_GetFlagStatus
                0x0000000000000000       0x3c ls1x_clock.o
 .text.CLOCK_GetClocksFreq
                0x0000000000000000       0x6c ls1x_clock.o
 .eh_frame      0x0000000000000000      0x18c ls1x_clock.o
 .text          0x0000000000000000        0x0 ls1x_common.o
 .data          0x0000000000000000        0x0 ls1x_common.o
 .bss           0x0000000000000000        0x0 ls1x_common.o
 .text.DisableExtInt
                0x0000000000000000       0x40 ls1x_common.o
 .text.EnableExtInt
                0x0000000000000000       0x3c ls1x_common.o
 .text.Set_soft_int
                0x0000000000000000       0x24 ls1x_common.o
 .text.Set_soft_stop
                0x0000000000000000       0x24 ls1x_common.o
 .text.Set_Timer_Init
                0x0000000000000000       0x30 ls1x_common.o
 .text.Wake_256sec_Set
                0x0000000000000000       0xa8 ls1x_common.o
 .eh_frame      0x0000000000000000      0x19c ls1x_common.o
 .text          0x0000000000000000        0x0 ls1x_pmu.o
 .data          0x0000000000000000        0x0 ls1x_pmu.o
 .bss           0x0000000000000000        0x0 ls1x_pmu.o
 .eh_frame      0x0000000000000000       0x58 ls1x_pmu.o
 .text          0x0000000000000000        0x0 ls1x_logo.o
 .data          0x0000000000000000        0x0 ls1x_logo.o
 .bss           0x0000000000000000        0x0 ls1x_logo.o
 .eh_frame      0x0000000000000000       0x3c ls1x_logo.o
 .text          0x0000000000000000        0x0 ls1x_latimer.o
 .data          0x0000000000000000        0x0 ls1x_latimer.o
 .bss           0x0000000000000000        0x0 ls1x_latimer.o
 .text.close_count
                0x0000000000000000       0x24 ls1x_latimer.o
 .text.delay_s  0x0000000000000000       0x3c ls1x_latimer.o
 .text.SetTime  0x0000000000000000       0x54 ls1x_latimer.o
 .text.CompareTime
                0x0000000000000000       0x50 ls1x_latimer.o
 .eh_frame      0x0000000000000000      0x19c ls1x_latimer.o
 .text          0x0000000000000000        0x0 ls1x_string.o
 .data          0x0000000000000000        0x0 ls1x_string.o
 .bss           0x0000000000000000        0x0 ls1x_string.o
 .text.memcmp   0x0000000000000000       0x88 ls1x_string.o
 .text.memcpy   0x0000000000000000       0x70 ls1x_string.o
 .text.memset   0x0000000000000000       0x60 ls1x_string.o
 .text.strstr   0x0000000000000000       0xe0 ls1x_string.o
 .text.pstrstr  0x0000000000000000       0xc8 ls1x_string.o
 .text.strchr   0x0000000000000000       0x80 ls1x_string.o
 .text.atoi     0x0000000000000000       0xe4 ls1x_string.o
 .text.strcmp   0x0000000000000000       0x84 ls1x_string.o
 .text.isContained
                0x0000000000000000       0x78 ls1x_string.o
 .text.strtok_r
                0x0000000000000000      0x1d4 ls1x_string.o
 .text.str_to_hex
                0x0000000000000000       0xf4 ls1x_string.o
 .text.atohex   0x0000000000000000      0x164 ls1x_string.o
 .eh_frame      0x0000000000000000      0x258 ls1x_string.o
 .text          0x0000000000000000        0x0 ls1x_flash.o
 .data          0x0000000000000000        0x0 ls1x_flash.o
 .bss           0x0000000000000000        0x0 ls1x_flash.o
 .text.FLASH_ErasePage
                0x0000000000000000       0x50 ls1x_flash.o
 .text.FLASH_EraseUserFlash
                0x0000000000000000       0x9c ls1x_flash.o
 .text.FLASH_ReadPage
                0x0000000000000000       0xa4 ls1x_flash.o
 .text.FLASH_WitePage
                0x0000000000000000      0x48c ls1x_flash.o
 .text.ls1c_flash_write2
                0x0000000000000000      0x17c ls1x_flash.o
 .text.ls1c_flash_write_data
                0x0000000000000000      0x144 ls1x_flash.o
 .text.FLASH_WaitForPeEnd
                0x0000000000000000       0x80 ls1x_flash.o
 .text.FLASH_GetStatus
                0x0000000000000000       0x34 ls1x_flash.o
 .text.FLASH_GetFlagStatus
                0x0000000000000000       0x4c ls1x_flash.o
 .text.FLASH_ITConfig
                0x0000000000000000       0x64 ls1x_flash.o
 .text.FLASH_ITCmd
                0x0000000000000000       0x68 ls1x_flash.o
 .text.FLASH_ClearIT
                0x0000000000000000       0x50 ls1x_flash.o
 .text.FLASH_WiteTest
                0x0000000000000000       0xa4 ls1x_flash.o
 .rodata        0x0000000000000000        0xa ls1x_flash.o
 .text.FLASH_ReadTest
                0x0000000000000000       0xc0 ls1x_flash.o
 .comment       0x0000000000000000       0x12 ls1x_flash.o
 .eh_frame      0x0000000000000000      0x21c ls1x_flash.o
 COMMON         0x0000000000000000        0x1 ls1x_flash.o
 .text          0x0000000000000000        0x0 ls1x_rtc.o
 .data          0x0000000000000000        0x0 ls1x_rtc.o
 .bss           0x0000000000000000        0x0 ls1x_rtc.o
 .text.Rtc_Read
                0x0000000000000000       0xec ls1x_rtc.o
 .text.Rtc_Write
                0x0000000000000000      0x16c ls1x_rtc.o
 .text.RtcUpdateData
                0x0000000000000000       0x4c ls1x_rtc.o
 .comment       0x0000000000000000       0x12 ls1x_rtc.o
 .eh_frame      0x0000000000000000       0x80 ls1x_rtc.o
 .text          0x0000000000000000        0x0 ls1x_exti.o
 .data          0x0000000000000000        0x0 ls1x_exti.o
 .bss           0x0000000000000000        0x0 ls1x_exti.o
 .text.EXTI_DeInit
                0x0000000000000000       0x40 ls1x_exti.o
 .text.EXTI_Init
                0x0000000000000000      0x188 ls1x_exti.o
 .text.EXTI_StructInit
                0x0000000000000000       0x44 ls1x_exti.o
 .text.EXTI_GetFlagStatus
                0x0000000000000000       0x50 ls1x_exti.o
 .text.EXTI_ClearFlag
                0x0000000000000000       0x3c ls1x_exti.o
 .text.EXTI_GetITStatus
                0x0000000000000000       0x70 ls1x_exti.o
 .eh_frame      0x0000000000000000       0xfc ls1x_exti.o
 .text          0x0000000000000000        0x0 ls1x_wdg.o
 .data          0x0000000000000000        0x0 ls1x_wdg.o
 .bss           0x0000000000000000        0x0 ls1x_wdg.o
 .eh_frame      0x0000000000000000       0xa4 ls1x_wdg.o
 .text          0x0000000000000000        0x0 ls1c102_i2c.o
 .data          0x0000000000000000        0x0 ls1c102_i2c.o
 .bss           0x0000000000000000        0x0 ls1c102_i2c.o
 .text.I2C_delay_my
                0x0000000000000000       0x3c ls1c102_i2c.o
 .text.I2C_ITConfig
                0x0000000000000000       0x6c ls1c102_i2c.o
 .text.I2C_ITCmd
                0x0000000000000000       0x90 ls1c102_i2c.o
 .text.I2C_AcknowledgeConfig
                0x0000000000000000       0x6c ls1c102_i2c.o
 .text.I2C_ReceiveData
                0x0000000000000000       0x60 ls1c102_i2c.o
 .rodata        0x0000000000000000       0xaf ls1c102_i2c.o
 .text.I2C_Send7bitAddress
                0x0000000000000000       0xac ls1c102_i2c.o
 .text.I2C_ReadRegister
                0x0000000000000000       0x50 ls1c102_i2c.o
 .text.I2C_ClearFlag
                0x0000000000000000       0x48 ls1c102_i2c.o
 .text.I2C_GetStatus
                0x0000000000000000       0x5c ls1c102_i2c.o
 .text.I2C_ClearIT
                0x0000000000000000       0x50 ls1c102_i2c.o
 .text.I2C_BUSY
                0x0000000000000000       0x48 ls1c102_i2c.o
 .text.CAT24_Write
                0x0000000000000000      0x15c ls1c102_i2c.o
 .text.CAT24_Read
                0x0000000000000000      0x160 ls1c102_i2c.o
 .text.CAT24_Write_Int
                0x0000000000000000      0x140 ls1c102_i2c.o
 .text.CAT24_Read_Int
                0x0000000000000000      0x16c ls1c102_i2c.o
 .eh_frame      0x0000000000000000      0x334 ls1c102_i2c.o
 COMMON         0x0000000000000000        0x1 ls1c102_i2c.o
 .text          0x0000000000000000        0x0 ls1c102_vpwm.o
 .data          0x0000000000000000        0x0 ls1c102_vpwm.o
 .bss           0x0000000000000000        0x0 ls1c102_vpwm.o
 .comment       0x0000000000000000       0x12 ls1c102_vpwm.o
 .text          0x0000000000000000        0x0 ls1c102_adc.o
 .data          0x0000000000000000        0x0 ls1c102_adc.o
 .bss           0x0000000000000000        0x0 ls1c102_adc.o
 .text.Adc_powerOff
                0x0000000000000000       0x50 ls1c102_adc.o
 .text.Adc_close
                0x0000000000000000       0xe4 ls1c102_adc.o
 .text.Adc_openGroup
                0x0000000000000000       0xa0 ls1c102_adc.o
 .text.Adc_closeGroup
                0x0000000000000000       0xd4 ls1c102_adc.o
 .text.Adc_singleMeasure
                0x0000000000000000       0x90 ls1c102_adc.o
 .eh_frame      0x0000000000000000      0x170 ls1c102_adc.o
 .text          0x0000000000000000        0x0 ls1c102_touch.o
 .data          0x0000000000000000        0x0 ls1c102_touch.o
 .bss           0x0000000000000000        0x0 ls1c102_touch.o
 .text.Touch_CountBaseInit
                0x0000000000000000       0x90 ls1c102_touch.o
 .text.Touch_PerformInit
                0x0000000000000000       0x88 ls1c102_touch.o
 .text.Touch_ControlConfig
                0x0000000000000000       0xc8 ls1c102_touch.o
 .text.TOUCH_Cmd
                0x0000000000000000       0x68 ls1c102_touch.o
 .text.TOUCH_EnablePollScan
                0x0000000000000000       0x30 ls1c102_touch.o
 .text.TOUCH_disablePollScan
                0x0000000000000000       0x34 ls1c102_touch.o
 .text.TOUCH_EnableSingleScan
                0x0000000000000000       0x30 ls1c102_touch.o
 .text.TOUCH_GetDownTh
                0x0000000000000000       0x48 ls1c102_touch.o
 .text.TOUCH_SetDownTh
                0x0000000000000000       0x7c ls1c102_touch.o
 .text.TOUCH_SetBaseVal
                0x0000000000000000       0x7c ls1c102_touch.o
 .text.TOUCH_SetChnAttr
                0x0000000000000000       0x7c ls1c102_touch.o
 .text.TOUCH_SetAllChnAttr
                0x0000000000000000       0x64 ls1c102_touch.o
 .text.TOUCH_SetAllChnAttr2
                0x0000000000000000       0x90 ls1c102_touch.o
 .text.TOUCH_Init
                0x0000000000000000       0xfc ls1c102_touch.o
 .eh_frame      0x0000000000000000      0x2bc ls1c102_touch.o
 .text          0x0000000000000000        0x0 ls1c102_ptimer.o
 .data          0x0000000000000000        0x0 ls1c102_ptimer.o
 .bss           0x0000000000000000        0x0 ls1c102_ptimer.o
 .text.TIM_Init
                0x0000000000000000       0xd8 ls1c102_ptimer.o
 .text.TIM_StructInit
                0x0000000000000000       0x7c ls1c102_ptimer.o
 .text.TIM_Cmd  0x0000000000000000       0x54 ls1c102_ptimer.o
 .text.TIM_ITConfig
                0x0000000000000000       0x90 ls1c102_ptimer.o
 .text.TIM_GetCounter
                0x0000000000000000       0x34 ls1c102_ptimer.o
 .text.TIM_SetCounter
                0x0000000000000000       0x30 ls1c102_ptimer.o
 .text.TIM_SetCompare
                0x0000000000000000       0x30 ls1c102_ptimer.o
 .text.TIM_GetCompare
                0x0000000000000000       0x34 ls1c102_ptimer.o
 .eh_frame      0x0000000000000000      0x168 ls1c102_ptimer.o
 .text          0x0000000000000000        0x0 ls1c102_pulse.o
 .data          0x0000000000000000        0x0 ls1c102_pulse.o
 .bss           0x0000000000000000        0x0 ls1c102_pulse.o
 .text.pulse_init
                0x0000000000000000      0x180 ls1c102_pulse.o
 .text.pulse_enable
                0x0000000000000000       0x68 ls1c102_pulse.o
 .text.pulse_disable
                0x0000000000000000       0x70 ls1c102_pulse.o
 .comment       0x0000000000000000       0x12 ls1c102_pulse.o
 .eh_frame      0x0000000000000000       0x80 ls1c102_pulse.o
 .text          0x0000000000000000        0x0 1c102_cmdline.o
 .data          0x0000000000000000        0x0 1c102_cmdline.o
 .bss           0x0000000000000000        0x0 1c102_cmdline.o
 .rodata        0x0000000000000000      0x3a8 1c102_cmdline.o
 .data.cmd      0x0000000000000000      0x1f0 1c102_cmdline.o
 .text.do_exit  0x0000000000000000       0x28 1c102_cmdline.o
 .text.do_help  0x0000000000000000      0x208 1c102_cmdline.o
 .text.cmdline  0x0000000000000000      0xdbc 1c102_cmdline.o
 .comment       0x0000000000000000       0x12 1c102_cmdline.o
 .eh_frame      0x0000000000000000       0x84 1c102_cmdline.o
 COMMON         0x0000000000000000        0x4 1c102_cmdline.o
 .text          0x0000000000000000        0x0 1c102_cmd.o
 .data          0x0000000000000000        0x0 1c102_cmd.o
 .bss           0x0000000000000000        0x0 1c102_cmd.o
 .text.do_nothing
                0x0000000000000000       0x20 1c102_cmd.o
 .rodata        0x0000000000000000      0x875 1c102_cmd.o
 .text.do_d1    0x0000000000000000      0x114 1c102_cmd.o
 .text.do_d4    0x0000000000000000      0x120 1c102_cmd.o
 .text.do_m1    0x0000000000000000       0x90 1c102_cmd.o
 .text.do_m4    0x0000000000000000       0x8c 1c102_cmd.o
 .text.str2num  0x0000000000000000      0x214 1c102_cmd.o
 .text.v_play   0x0000000000000000       0x68 1c102_cmd.o
 .text.touch_reg_show
                0x0000000000000000      0x100 1c102_cmd.o
 .text.touch_value_show
                0x0000000000000000       0xd4 1c102_cmd.o
 .text.touch_test
                0x0000000000000000      0x274 1c102_cmd.o
 .text.hpet     0x0000000000000000      0x100 1c102_cmd.o
 .text.latimer  0x0000000000000000       0x94 1c102_cmd.o
 .text.delay    0x0000000000000000      0x104 1c102_cmd.o
 .text.wakeup   0x0000000000000000       0x90 1c102_cmd.o
 .text.a_to_n   0x0000000000000000       0x60 1c102_cmd.o
 .text.date     0x0000000000000000      0x48c 1c102_cmd.o
 .text.watch_dog
                0x0000000000000000       0x84 1c102_cmd.o
 .text.i2cp     0x0000000000000000       0x4c 1c102_cmd.o
 .text.i2cw     0x0000000000000000      0x10c 1c102_cmd.o
 .text.i2cr     0x0000000000000000       0xe0 1c102_cmd.o
 .text.adc      0x0000000000000000      0x1a4 1c102_cmd.o
 .text.batdet   0x0000000000000000      0x170 1c102_cmd.o
 .text.copy     0x0000000000000000      0x190 1c102_cmd.o
 .text.uart_init
                0x0000000000000000       0xac 1c102_cmd.o
 .text.sleep    0x0000000000000000       0xa4 1c102_cmd.o
 .text.spi_init
                0x0000000000000000       0x68 1c102_cmd.o
 .text.spi_write
                0x0000000000000000      0x134 1c102_cmd.o
 .text.spi_read
                0x0000000000000000      0x174 1c102_cmd.o
 .text.spi_erase
                0x0000000000000000       0x90 1c102_cmd.o
 .text.spi_flash
                0x0000000000000000      0x258 1c102_cmd.o
 .text.gpio_int_test
                0x0000000000000000       0x9c 1c102_cmd.o
 .text.gpio_int
                0x0000000000000000       0x34 1c102_cmd.o
 .text.tmp      0x0000000000000000       0x50 1c102_cmd.o
 .text.m4_flash
                0x0000000000000000       0xb4 1c102_cmd.o
 .text.copy_iram
                0x0000000000000000      0x138 1c102_cmd.o
 .comment       0x0000000000000000       0x12 1c102_cmd.o
 .eh_frame      0x0000000000000000      0x57c 1c102_cmd.o
 .text          0x0000000000000000        0x0 1c102_Interrupt.o
 .data          0x0000000000000000        0x0 1c102_Interrupt.o
 .bss           0x0000000000000000        0x0 1c102_Interrupt.o
 .text.SOFT_INT
                0x0000000000000000       0x34 1c102_Interrupt.o
 .text.TIMER_8M_INT
                0x0000000000000000       0x44 1c102_Interrupt.o
 .text.INTC     0x0000000000000000       0x1c 1c102_Interrupt.o
 .text.RING     0x0000000000000000       0x1c 1c102_Interrupt.o
 .eh_frame      0x0000000000000000      0x628 1c102_Interrupt.o
 COMMON         0x0000000000000000       0x80 1c102_Interrupt.o
 .text          0x0000000000000000        0x0 1c102_main.o
 .data          0x0000000000000000        0x0 1c102_main.o
 .bss           0x0000000000000000        0x0 1c102_main.o
 .eh_frame      0x0000000000000000       0x34 1c102_main.o
 .text          0x0000000000000000        0x0 ad.o
 .data          0x0000000000000000        0x0 ad.o
 .bss           0x0000000000000000        0x0 ad.o
 .eh_frame      0x0000000000000000       0x64 ad.o
 .text          0x0000000000000000        0x0 ds18b20.o
 .data          0x0000000000000000        0x0 ds18b20.o
 .bss           0x0000000000000000        0x0 ds18b20.o
 .text.DS18B20_Init
                0x0000000000000000       0x3c ds18b20.o
 .eh_frame      0x0000000000000000      0x148 ds18b20.o
 .text          0x0000000000000000        0x0 oled96.o
 .data          0x0000000000000000        0x0 oled96.o
 .bss           0x0000000000000000        0x0 oled96.o
 .text.I2C_delay
                0x0000000000000000       0x3c oled96.o
 .text.OLED_Display_On
                0x0000000000000000       0x48 oled96.o
 .text.OLED_Display_Off
                0x0000000000000000       0x48 oled96.o
 .eh_frame      0x0000000000000000      0x258 oled96.o

Memory Configuration

Name             Origin             Length             Attributes
flash            0x000000001c000000 0x0000000000020000 xr
IRAM             0x0000000080000000 0x0000000000001000 rw
DRAM             0x0000000080001000 0x0000000000001000 rw
*default*        0x0000000000000000 0xffffffffffffffff

Linker script and memory map


.text           0x000000001c000000     0x6464
                0x000000001c000000                . = ALIGN (0x4)
 *(.text .text.*)
 .text._start   0x000000001c000000     0x1128 start.o
                0x000000001c000000                _start
                0x000000001c0000ac                cpu_wait
                0x000000001c000800                m4_flash_4k
 .text          0x000000001c001128       0xbc serial.o
                0x000000001c001128                serial_out
                0x000000001c001144                outputaddr
                0x000000001c0011a4                outputstring
 .text          0x000000001c0011e4      0x148 wakeup.o
                0x000000001c0011e4                cpu_sleep
                0x000000001c00128c                wakeup_reset
 .text.GPIOInit
                0x000000001c00132c       0x98 UserGpio.o
                0x000000001c00132c                GPIOInit
 .text.bsp_init
                0x000000001c0013c4       0xfc init.o
                0x000000001c0013c4                bsp_init
 .text.AFIO_RemapConfig
                0x000000001c0014c0       0xcc ls1x_gpio.o
                0x000000001c0014c0                AFIO_RemapConfig
 .text.gpio_get_pin
                0x000000001c00158c       0x50 ls1x_gpio.o
                0x000000001c00158c                gpio_get_pin
 .text.gpio_write_pin
                0x000000001c0015dc       0x78 ls1x_gpio.o
                0x000000001c0015dc                gpio_write_pin
 .text.gpio_pin_remap
                0x000000001c001654      0x20c ls1x_gpio.o
                0x000000001c001654                gpio_pin_remap
 .text.myputchar
                0x000000001c001860       0x3c ls1x_printf.o
                0x000000001c001860                myputchar
 .text.printbase
                0x000000001c00189c      0x160 ls1x_printf.o
                0x000000001c00189c                printbase
 .text.puts     0x000000001c0019fc       0x70 ls1x_printf.o
                0x000000001c0019fc                puts
 .text.myprintf
                0x000000001c001a6c      0x3a4 ls1x_printf.o
                0x000000001c001a6c                myprintf
 .text.vsputs   0x000000001c001e10       0x54 ls1x_printf.o
                0x000000001c001e10                vsputs
 .text.vsputchar
                0x000000001c001e64       0x44 ls1x_printf.o
                0x000000001c001e64                vsputchar
 .text.vsprintbase
                0x000000001c001ea8      0x17c ls1x_printf.o
                0x000000001c001ea8                vsprintbase
 .text.vsprintf
                0x000000001c002024      0x3d8 ls1x_printf.o
                0x000000001c002024                vsprintf
 .text.sprintf  0x000000001c0023fc       0x6c ls1x_printf.o
                0x000000001c0023fc                sprintf
 .text.UART_Init
                0x000000001c002468      0x2fc ls1x_uart.o
                0x000000001c002468                UART_Init
 .text.UART_StructInit
                0x000000001c002764       0x7c ls1x_uart.o
                0x000000001c002764                UART_StructInit
 .text.UART_ITConfig
                0x000000001c0027e0       0x88 ls1x_uart.o
                0x000000001c0027e0                UART_ITConfig
 .text.UART_SendData
                0x000000001c002868       0x4c ls1x_uart.o
                0x000000001c002868                UART_SendData
 .text.Uart1_init
                0x000000001c0028b4       0x84 ls1x_uart.o
                0x000000001c0028b4                Uart1_init
 .text.CLOCK_WaitForHSEStartUp
                0x000000001c002938       0x9c ls1x_clock.o
                0x000000001c002938                CLOCK_WaitForHSEStartUp
 .text.CLOCK_WaitForLSEStartUp
                0x000000001c0029d4       0xe4 ls1x_clock.o
                0x000000001c0029d4                CLOCK_WaitForLSEStartUp
 .text.CLOCK_HSEConfig
                0x000000001c002ab8       0xb4 ls1x_clock.o
                0x000000001c002ab8                CLOCK_HSEConfig
 .text.CLOCK_LSEConfig
                0x000000001c002b6c       0x68 ls1x_clock.o
                0x000000001c002b6c                CLOCK_LSEConfig
 .text.CLOCK_StructInit
                0x000000001c002bd4       0x64 ls1x_clock.o
                0x000000001c002bd4                CLOCK_StructInit
 .text.CLOCK_Init
                0x000000001c002c38      0x23c ls1x_clock.o
                0x000000001c002c38                CLOCK_Init
 .text.SystemClockInit
                0x000000001c002e74       0x9c ls1x_clock.o
                0x000000001c002e74                SystemClockInit
 .text.IsGlobalIntOpen
                0x000000001c002f10       0x38 ls1x_common.o
                0x000000001c002f10                IsGlobalIntOpen
 .text.DisableInt
                0x000000001c002f48       0x24 ls1x_common.o
                0x000000001c002f48                DisableInt
 .text.EnableInt
                0x000000001c002f6c       0x24 ls1x_common.o
                0x000000001c002f6c                EnableInt
 .text.Set_Timer_stop
                0x000000001c002f90       0x20 ls1x_common.o
                0x000000001c002f90                Set_Timer_stop
 .text.Set_Timer_clear
                0x000000001c002fb0       0x24 ls1x_common.o
                0x000000001c002fb0                Set_Timer_clear
 .text.Wake_Set
                0x000000001c002fd4       0xac ls1x_common.o
                0x000000001c002fd4                Wake_Set
 .text.PMU_GetRstRrc
                0x000000001c003080       0x6c ls1x_pmu.o
                0x000000001c003080                PMU_GetRstRrc
 .text.PMU_GetBootSpiStatus
                0x000000001c0030ec       0x50 ls1x_pmu.o
                0x000000001c0030ec                PMU_GetBootSpiStatus
 .text.ls1x_logo
                0x000000001c00313c       0x9c ls1x_logo.o
                0x000000001c00313c                ls1x_logo
 .text.get_count
                0x000000001c0031d8       0x2c ls1x_latimer.o
                0x000000001c0031d8                get_count
 .text.open_count
                0x000000001c003204       0x24 ls1x_latimer.o
                0x000000001c003204                open_count
 .text.start_count
                0x000000001c003228       0x48 ls1x_latimer.o
                0x000000001c003228                start_count
 .text.stop_count
                0x000000001c003270       0x88 ls1x_latimer.o
                0x000000001c003270                stop_count
 .text.delay_cycle
                0x000000001c0032f8       0x60 ls1x_latimer.o
                0x000000001c0032f8                delay_cycle
 .text.delay_us
                0x000000001c003358       0x38 ls1x_latimer.o
                0x000000001c003358                delay_us
 .text.delay_ms
                0x000000001c003390       0x40 ls1x_latimer.o
                0x000000001c003390                delay_ms
 .text.itoa     0x000000001c0033d0      0x17c ls1x_string.o
                0x000000001c0033d0                itoa
 .text.strcat   0x000000001c00354c       0xa0 ls1x_string.o
                0x000000001c00354c                strcat
 .text.strcpy   0x000000001c0035ec       0x5c ls1x_string.o
                0x000000001c0035ec                strcpy
 .text.strlen   0x000000001c003648       0x4c ls1x_string.o
                0x000000001c003648                strlen
 .text.EXTI_ClearITPendingBit
                0x000000001c003694       0x3c ls1x_exti.o
                0x000000001c003694                EXTI_ClearITPendingBit
 .text.WDG_getOddValue
                0x000000001c0036d0       0x88 ls1x_wdg.o
 .text.WDG_SetWatchDog
                0x000000001c003758       0x8c ls1x_wdg.o
                0x000000001c003758                WDG_SetWatchDog
 .text.WDG_DogFeed
                0x000000001c0037e4       0x2c ls1x_wdg.o
                0x000000001c0037e4                WDG_DogFeed
 .text.WdgInit  0x000000001c003810       0x30 ls1x_wdg.o
                0x000000001c003810                WdgInit
 .text.I2C_Init
                0x000000001c003840      0x104 ls1c102_i2c.o
                0x000000001c003840                I2C_Init
 .text.I2C_StructInit
                0x000000001c003944       0x5c ls1c102_i2c.o
                0x000000001c003944                I2C_StructInit
 .text.I2C_GenerateSTART
                0x000000001c0039a0       0x6c ls1c102_i2c.o
                0x000000001c0039a0                I2C_GenerateSTART
 .text.I2C_GenerateSTOP
                0x000000001c003a0c       0x7c ls1c102_i2c.o
                0x000000001c003a0c                I2C_GenerateSTOP
 .text.I2C_SendData
                0x000000001c003a88       0x50 ls1c102_i2c.o
                0x000000001c003a88                I2C_SendData
 .text.I2C_wait
                0x000000001c003ad8       0x48 ls1c102_i2c.o
                0x000000001c003ad8                I2C_wait
 .text.I2C_Unlock
                0x000000001c003b20       0x54 ls1c102_i2c.o
                0x000000001c003b20                I2C_Unlock
 .text.Adc_powerOn
                0x000000001c003b74       0x54 ls1c102_adc.o
                0x000000001c003b74                Adc_powerOn
 .text.Adc_open
                0x000000001c003bc8       0xb0 ls1c102_adc.o
                0x000000001c003bc8                Adc_open
 .text.Adc_Measure
                0x000000001c003c78       0xdc ls1c102_adc.o
                0x000000001c003c78                Adc_Measure
 .text.Adc_getVoltage
                0x000000001c003d54       0x68 ls1c102_adc.o
                0x000000001c003d54                Adc_getVoltage
 .text.TOUCH_GetBaseVal
                0x000000001c003dbc       0x4c ls1c102_touch.o
                0x000000001c003dbc                TOUCH_GetBaseVal
 .text.TOUCH_GetCountValue
                0x000000001c003e08       0x4c ls1c102_touch.o
                0x000000001c003e08                TOUCH_GetCountValue
 .text.Printf_KeyChannel
                0x000000001c003e54       0x7c ls1c102_touch.o
                0x000000001c003e54                Printf_KeyChannel
 .text.Printf_KeyType
                0x000000001c003ed0       0x8c ls1c102_touch.o
                0x000000001c003ed0                Printf_KeyType
 .text.Printf_KeyVal
                0x000000001c003f5c      0x254 ls1c102_touch.o
                0x000000001c003f5c                Printf_KeyVal
 .text.TIM_GetITStatus
                0x000000001c0041b0       0x4c ls1c102_ptimer.o
                0x000000001c0041b0                TIM_GetITStatus
 .text.TIM_ClearIT
                0x000000001c0041fc       0x5c ls1c102_ptimer.o
                0x000000001c0041fc                TIM_ClearIT
 .text.exti_gpioa0_irq_handler
                0x000000001c004258       0x4c 1c102_Interrupt.o
                0x000000001c004258                exti_gpioa0_irq_handler
 .text.exti_gpioa1_irq_handler
                0x000000001c0042a4       0x4c 1c102_Interrupt.o
                0x000000001c0042a4                exti_gpioa1_irq_handler
 .text.exti_gpioa2_irq_handler
                0x000000001c0042f0       0x4c 1c102_Interrupt.o
                0x000000001c0042f0                exti_gpioa2_irq_handler
 .text.exti_gpioa3_irq_handler
                0x000000001c00433c       0x4c 1c102_Interrupt.o
                0x000000001c00433c                exti_gpioa3_irq_handler
 .text.exti_gpioa4_irq_handler
                0x000000001c004388       0x4c 1c102_Interrupt.o
                0x000000001c004388                exti_gpioa4_irq_handler
 .text.exti_gpioa5_irq_handler
                0x000000001c0043d4       0x4c 1c102_Interrupt.o
                0x000000001c0043d4                exti_gpioa5_irq_handler
 .text.exti_gpioa6_irq_handler
                0x000000001c004420       0x4c 1c102_Interrupt.o
                0x000000001c004420                exti_gpioa6_irq_handler
 .text.exti_gpioa7_irq_handler
                0x000000001c00446c       0x4c 1c102_Interrupt.o
                0x000000001c00446c                exti_gpioa7_irq_handler
 .text.exti_gpiob0_irq_handler
                0x000000001c0044b8       0x4c 1c102_Interrupt.o
                0x000000001c0044b8                exti_gpiob0_irq_handler
 .text.exti_gpiob1_irq_handler
                0x000000001c004504       0x4c 1c102_Interrupt.o
                0x000000001c004504                exti_gpiob1_irq_handler
 .text.exti_gpiob2_irq_handler
                0x000000001c004550       0x4c 1c102_Interrupt.o
                0x000000001c004550                exti_gpiob2_irq_handler
 .text.exti_gpiob3_irq_handler
                0x000000001c00459c       0x4c 1c102_Interrupt.o
                0x000000001c00459c                exti_gpiob3_irq_handler
 .text.exti_gpiob4_irq_handler
                0x000000001c0045e8       0x4c 1c102_Interrupt.o
                0x000000001c0045e8                exti_gpiob4_irq_handler
 .text.exti_gpiob5_irq_handler
                0x000000001c004634       0x4c 1c102_Interrupt.o
                0x000000001c004634                exti_gpiob5_irq_handler
 .text.exti_gpiob6_irq_handler
                0x000000001c004680       0x4c 1c102_Interrupt.o
                0x000000001c004680                exti_gpiob6_irq_handler
 .text.exti_gpiob7_irq_handler
                0x000000001c0046cc       0x4c 1c102_Interrupt.o
                0x000000001c0046cc                exti_gpiob7_irq_handler
 .text.exti_gpioc0_irq_handler
                0x000000001c004718       0x4c 1c102_Interrupt.o
                0x000000001c004718                exti_gpioc0_irq_handler
 .text.exti_gpioc1_irq_handler
                0x000000001c004764       0x4c 1c102_Interrupt.o
                0x000000001c004764                exti_gpioc1_irq_handler
 .text.exti_gpioc2_irq_handler
                0x000000001c0047b0       0x4c 1c102_Interrupt.o
                0x000000001c0047b0                exti_gpioc2_irq_handler
 .text.exti_gpioc3_irq_handler
                0x000000001c0047fc       0x4c 1c102_Interrupt.o
                0x000000001c0047fc                exti_gpioc3_irq_handler
 .text.exti_gpioc4_irq_handler
                0x000000001c004848       0x4c 1c102_Interrupt.o
                0x000000001c004848                exti_gpioc4_irq_handler
 .text.exti_gpioc5_irq_handler
                0x000000001c004894       0x4c 1c102_Interrupt.o
                0x000000001c004894                exti_gpioc5_irq_handler
 .text.exti_gpioc6_irq_handler
                0x000000001c0048e0       0x4c 1c102_Interrupt.o
                0x000000001c0048e0                exti_gpioc6_irq_handler
 .text.exti_gpioc7_irq_handler
                0x000000001c00492c       0x4c 1c102_Interrupt.o
                0x000000001c00492c                exti_gpioc7_irq_handler
 .text.exti_gpiod0_irq_handler
                0x000000001c004978       0x4c 1c102_Interrupt.o
                0x000000001c004978                exti_gpiod0_irq_handler
 .text.exti_gpiod1_irq_handler
                0x000000001c0049c4       0x4c 1c102_Interrupt.o
                0x000000001c0049c4                exti_gpiod1_irq_handler
 .text.exti_gpiod2_irq_handler
                0x000000001c004a10       0x4c 1c102_Interrupt.o
                0x000000001c004a10                exti_gpiod2_irq_handler
 .text.exti_gpiod3_irq_handler
                0x000000001c004a5c       0x4c 1c102_Interrupt.o
                0x000000001c004a5c                exti_gpiod3_irq_handler
 .text.exti_gpiod4_irq_handler
                0x000000001c004aa8       0x4c 1c102_Interrupt.o
                0x000000001c004aa8                exti_gpiod4_irq_handler
 .text.exti_gpiod5_irq_handler
                0x000000001c004af4       0x4c 1c102_Interrupt.o
                0x000000001c004af4                exti_gpiod5_irq_handler
 .text.exti_gpiod6_irq_handler
                0x000000001c004b40       0x4c 1c102_Interrupt.o
                0x000000001c004b40                exti_gpiod6_irq_handler
 .text.exti_gpiod7_irq_handler
                0x000000001c004b8c       0x4c 1c102_Interrupt.o
                0x000000001c004b8c                exti_gpiod7_irq_handler
 .text.ext_handler
                0x000000001c004bd8       0xb8 1c102_Interrupt.o
                0x000000001c004bd8                ext_handler
 .text.TIMER_WAKE_INT
                0x000000001c004c90       0x5c 1c102_Interrupt.o
                0x000000001c004c90                TIMER_WAKE_INT
 .text.TOUCH    0x000000001c004cec       0x94 1c102_Interrupt.o
                0x000000001c004cec                TOUCH
 .text.UART2_INT
                0x000000001c004d80       0x3c 1c102_Interrupt.o
                0x000000001c004d80                UART2_INT
 .text.BAT_FAIL
                0x000000001c004dbc       0xd8 1c102_Interrupt.o
                0x000000001c004dbc                BAT_FAIL
 .text.intc_handler
                0x000000001c004e94       0xac 1c102_Interrupt.o
                0x000000001c004e94                intc_handler
 .text.TIMER_HANDLER
                0x000000001c004f40       0x38 1c102_Interrupt.o
                0x000000001c004f40                TIMER_HANDLER
 .text.main     0x000000001c004f78      0x508 1c102_main.o
                0x000000001c004f78                main
 .text.PH_Value_Conversion
                0x000000001c005480       0xac ad.o
                0x000000001c005480                PH_Value_Conversion
 .text.zd_value
                0x000000001c00552c       0xa4 ad.o
                0x000000001c00552c                zd_value
 .text.DS18B20_Rst
                0x000000001c0055d0       0x4c ds18b20.o
                0x000000001c0055d0                DS18B20_Rst
 .text.DS18B20_Check
                0x000000001c00561c       0xc0 ds18b20.o
                0x000000001c00561c                DS18B20_Check
 .text.DS18B20_Read_Bit
                0x000000001c0056dc       0x78 ds18b20.o
                0x000000001c0056dc                DS18B20_Read_Bit
 .text.DS18B20_Read_Byte
                0x000000001c005754       0x84 ds18b20.o
                0x000000001c005754                DS18B20_Read_Byte
 .text.DS18B20_Write_Byte
                0x000000001c0057d8       0xc4 ds18b20.o
                0x000000001c0057d8                DS18B20_Write_Byte
 .text.DS18B20_Start
                0x000000001c00589c       0x3c ds18b20.o
                0x000000001c00589c                DS18B20_Start
 .text.DS18B20_Get_Temp
                0x000000001c0058d8       0xc8 ds18b20.o
                0x000000001c0058d8                DS18B20_Get_Temp
 .text.Write_IIC_Command
                0x000000001c0059a0       0x84 oled96.o
                0x000000001c0059a0                Write_IIC_Command
 .text.Write_IIC_Data
                0x000000001c005a24       0x8c oled96.o
                0x000000001c005a24                Write_IIC_Data
 .text.OLED_WR_Byte
                0x000000001c005ab0       0x5c oled96.o
                0x000000001c005ab0                OLED_WR_Byte
 .text.OLED_Init
                0x000000001c005b0c      0x254 oled96.o
                0x000000001c005b0c                OLED_Init
 .text.OLED_Clear
                0x000000001c005d60       0x9c oled96.o
                0x000000001c005d60                OLED_Clear
 .text.OLED_Full
                0x000000001c005dfc       0x9c oled96.o
                0x000000001c005dfc                OLED_Full
 .text.OLED_Set_Pos
                0x000000001c005e98       0x88 oled96.o
                0x000000001c005e98                OLED_Set_Pos
 .text.OLED_ShowChar
                0x000000001c005f20      0x150 oled96.o
                0x000000001c005f20                OLED_ShowChar
 .text.oled_pow
                0x000000001c006070       0x60 oled96.o
                0x000000001c006070                oled_pow
 .text.OLED_ShowNum
                0x000000001c0060d0      0x188 oled96.o
                0x000000001c0060d0                OLED_ShowNum
 .text.OLED_ShowString
                0x000000001c006258       0xc8 oled96.o
                0x000000001c006258                OLED_ShowString
 .text.OLED_ShowCHinese
                0x000000001c006320      0x144 oled96.o
                0x000000001c006320                OLED_ShowCHinese
                0x000000001c006464                . = ALIGN (0x4)
                0x000000001c006464                _etext = .

.rodata         0x000000001c006480     0x1334
                0x000000001c006480                . = ALIGN (0x4)
 *(.rodata .rodata.*)
 .rodata        0x000000001c006480       0x1a serial.o
                0x000000001c006480                msg_wakeup
 *fill*         0x000000001c00649a        0x2 
 .rodata        0x000000001c00649c       0x38 init.o
 .rodata.myprintf
                0x000000001c0064d4      0x150 ls1x_printf.o
 .rodata.vsprintf
                0x000000001c006624      0x150 ls1x_printf.o
 .rodata        0x000000001c006774      0x387 ls1x_logo.o
 *fill*         0x000000001c006afb        0x1 
 .rodata        0x000000001c006afc       0x8d ls1c102_touch.o
 *fill*         0x000000001c006b89        0x3 
 .rodata        0x000000001c006b8c       0xf3 1c102_Interrupt.o
 *fill*         0x000000001c006c7f        0x1 
 .rodata.Ext_IrqHandle
                0x000000001c006c80       0x80 1c102_Interrupt.o
                0x000000001c006c80                Ext_IrqHandle
 .rodata.BAT_FAIL
                0x000000001c006d00       0x44 1c102_Interrupt.o
 .rodata.__FUNCTION__.1549
                0x000000001c006d44       0x18 1c102_Interrupt.o
 .rodata.__FUNCTION__.1553
                0x000000001c006d5c       0x18 1c102_Interrupt.o
 .rodata.__FUNCTION__.1557
                0x000000001c006d74       0x18 1c102_Interrupt.o
 .rodata.__FUNCTION__.1561
                0x000000001c006d8c       0x18 1c102_Interrupt.o
 .rodata.__FUNCTION__.1565
                0x000000001c006da4       0x18 1c102_Interrupt.o
 .rodata.__FUNCTION__.1569
                0x000000001c006dbc       0x18 1c102_Interrupt.o
 .rodata.__FUNCTION__.1573
                0x000000001c006dd4       0x18 1c102_Interrupt.o
 .rodata.__FUNCTION__.1577
                0x000000001c006dec       0x18 1c102_Interrupt.o
 .rodata.__FUNCTION__.1581
                0x000000001c006e04       0x18 1c102_Interrupt.o
 .rodata.__FUNCTION__.1585
                0x000000001c006e1c       0x18 1c102_Interrupt.o
 .rodata.__FUNCTION__.1589
                0x000000001c006e34       0x18 1c102_Interrupt.o
 .rodata.__FUNCTION__.1593
                0x000000001c006e4c       0x18 1c102_Interrupt.o
 .rodata.__FUNCTION__.1597
                0x000000001c006e64       0x18 1c102_Interrupt.o
 .rodata.__FUNCTION__.1601
                0x000000001c006e7c       0x18 1c102_Interrupt.o
 .rodata.__FUNCTION__.1605
                0x000000001c006e94       0x18 1c102_Interrupt.o
 .rodata.__FUNCTION__.1609
                0x000000001c006eac       0x18 1c102_Interrupt.o
 .rodata.__FUNCTION__.1613
                0x000000001c006ec4       0x18 1c102_Interrupt.o
 .rodata.__FUNCTION__.1617
                0x000000001c006edc       0x18 1c102_Interrupt.o
 .rodata.__FUNCTION__.1621
                0x000000001c006ef4       0x18 1c102_Interrupt.o
 .rodata.__FUNCTION__.1625
                0x000000001c006f0c       0x18 1c102_Interrupt.o
 .rodata.__FUNCTION__.1629
                0x000000001c006f24       0x18 1c102_Interrupt.o
 .rodata.__FUNCTION__.1633
                0x000000001c006f3c       0x18 1c102_Interrupt.o
 .rodata.__FUNCTION__.1637
                0x000000001c006f54       0x18 1c102_Interrupt.o
 .rodata.__FUNCTION__.1641
                0x000000001c006f6c       0x18 1c102_Interrupt.o
 .rodata.__FUNCTION__.1645
                0x000000001c006f84       0x18 1c102_Interrupt.o
 .rodata.__FUNCTION__.1649
                0x000000001c006f9c       0x18 1c102_Interrupt.o
 .rodata.__FUNCTION__.1653
                0x000000001c006fb4       0x18 1c102_Interrupt.o
 .rodata.__FUNCTION__.1657
                0x000000001c006fcc       0x18 1c102_Interrupt.o
 .rodata.__FUNCTION__.1661
                0x000000001c006fe4       0x18 1c102_Interrupt.o
 .rodata.__FUNCTION__.1665
                0x000000001c006ffc       0x18 1c102_Interrupt.o
 .rodata.__FUNCTION__.1669
                0x000000001c007014       0x18 1c102_Interrupt.o
 .rodata.__FUNCTION__.1673
                0x000000001c00702c       0x18 1c102_Interrupt.o
 .rodata        0x000000001c007044       0x5d 1c102_main.o
 *fill*         0x000000001c0070a1        0x3 
 .rodata.Char_Font_16x8
                0x000000001c0070a4      0x5f0 oled96.o
                0x000000001c0070a4                Char_Font_16x8
 .rodata.Chi_Cha_Font_16x16
                0x000000001c007694      0x120 oled96.o
                0x000000001c007694                Chi_Cha_Font_16x16
                0x000000001c0077b4                . = ALIGN (0x4)
                0x000000001c0077b4                _sidata = ALIGN (., 0x4)
                0x000000001c0077b4                . = ALIGN (0x4)

.rela.dyn       0x000000001c0077b4        0x0
 .rela.got      0x000000001c0077b4        0x0 start.o
 .rela.rodata.myprintf
                0x000000001c0077b4        0x0 start.o
 .rela.rodata.vsprintf
                0x000000001c0077b4        0x0 start.o
 .rela.rodata.Ext_IrqHandle
                0x000000001c0077b4        0x0 start.o
 .rela.rodata.BAT_FAIL
                0x000000001c0077b4        0x0 start.o

.data           0x0000000080001000       0x2c load address 0x000000001c0077b4
                0x0000000080001000                _sdata = .
                0x0000000080001000                . = ALIGN (0x4)
 *(.got.plt)
 .got.plt       0x0000000080001000        0x0 start.o
                0x0000000080001000                . = ALIGN (0x4)
 *(.got)
 .got           0x0000000080001000       0x28 start.o
                0x0000000080001000                _GLOBAL_OFFSET_TABLE_
                0x0000000080001028                . = ALIGN (0x4)
 *(.data .data.*)
 .data.g_SystemFreq
                0x0000000080001028        0x4 ls1x_clock.o
                0x0000000080001028                g_SystemFreq
                0x000000008000102c                . = ALIGN (0x4)
                0x000000008000102c                _edata = .

.bss            0x0000000080000000      0x2bc
                0x0000000080000000                _sbss = .
                0x0000000080000000                . = ALIGN (0x4)
 *(.sbss)
                0x0000000080000000                . = ALIGN (0x4)
 *(.bss .bss.*)
                0x0000000080000000                . = ALIGN (0x4)
 *(.scommon)
                0x0000000080000000                . = ALIGN (0x4)
 *(COMMON)
 COMMON         0x0000000080000000      0x2bc 1c102_main.o
                0x0000000080000000                buf7
                0x0000000080000064                buf3
                0x00000000800000c8                buf4
                0x000000008000012c                buf6
                0x0000000080000190                buf1
                0x00000000800001f4                buf2
                0x0000000080000258                buf5
                0x00000000800002bc                . = ALIGN (0x4)
                0x00000000800002bc                _ebss = .
LOAD start.o
LOAD serial.o
LOAD wakeup.o
LOAD UserGpio.o
LOAD init.o
LOAD ls1x_gpio.o
LOAD ls1x_spi.o
LOAD ls1x_printf.o
LOAD ls1x_uart.o
LOAD ls1x_clock.o
LOAD ls1x_common.o
LOAD ls1x_pmu.o
LOAD ls1x_logo.o
LOAD ls1x_latimer.o
LOAD ls1x_string.o
LOAD ls1x_flash.o
LOAD ls1x_rtc.o
LOAD ls1x_exti.o
LOAD ls1x_wdg.o
LOAD ls1c102_i2c.o
LOAD ls1c102_vpwm.o
LOAD ls1c102_adc.o
LOAD ls1c102_touch.o
LOAD ls1c102_ptimer.o
LOAD ls1c102_pulse.o
LOAD 1c102_cmdline.o
LOAD 1c102_cmd.o
LOAD 1c102_Interrupt.o
LOAD 1c102_main.o
LOAD ad.o
LOAD ds18b20.o
LOAD oled96.o
OUTPUT(1c102_demo.elf elf32-loongarch)

.comment        0x0000000000000000       0x11
 .comment       0x0000000000000000       0x11 UserGpio.o
                                         0x12 (size before relaxing)
 .comment       0x0000000000000011       0x12 init.o
 .comment       0x0000000000000011       0x12 ls1x_gpio.o
 .comment       0x0000000000000011       0x12 ls1x_printf.o
 .comment       0x0000000000000011       0x12 ls1x_uart.o
 .comment       0x0000000000000011       0x12 ls1x_clock.o
 .comment       0x0000000000000011       0x12 ls1x_common.o
 .comment       0x0000000000000011       0x12 ls1x_pmu.o
 .comment       0x0000000000000011       0x12 ls1x_logo.o
 .comment       0x0000000000000011       0x12 ls1x_latimer.o
 .comment       0x0000000000000011       0x12 ls1x_string.o
 .comment       0x0000000000000011       0x12 ls1x_exti.o
 .comment       0x0000000000000011       0x12 ls1x_wdg.o
 .comment       0x0000000000000011       0x12 ls1c102_i2c.o
 .comment       0x0000000000000011       0x12 ls1c102_adc.o
 .comment       0x0000000000000011       0x12 ls1c102_touch.o
 .comment       0x0000000000000011       0x12 ls1c102_ptimer.o
 .comment       0x0000000000000011       0x12 1c102_Interrupt.o
 .comment       0x0000000000000011       0x12 1c102_main.o
 .comment       0x0000000000000011       0x12 ad.o
 .comment       0x0000000000000011       0x12 ds18b20.o
 .comment       0x0000000000000011       0x12 oled96.o
